{
    "Fasta with a complex header": {
        "content": [
            "test.skipped_trims.jsonl",
            [
                [
                    {
                        "id": "test"
                    },
                    "test.fcs_adaptor_report.txt:md5,27375be4671e01d2d2674ddd1d44414a"
                ]
            ],
            [
                [
                    {
                        "id": "test"
                    },
                    "test.pipeline_args.yaml:md5,4a748f51e82fa0639cb06242bc3df318"
                ]
            ],
            [
                "versions.yml:md5,5cd44cb2972a42e74144373ce3307c7f"
            ]
        ],
        "meta": {
            "nf-test": "0.9.2",
            "nextflow": "24.10.6"
        },
        "timestamp": "2025-05-19T11:08:28.806978"
    }
}