{
    "Single-End": {
        "content": [
            [
                
            ],
            [
                
            ],
            [
                
            ],
            [
                "versions.yml:md5,c60680eba0f00e791c0d5a0a6e9d665f"
            ],
            "8b48d775ddb5207df399fe3b07bb0209",
            "798439cbd7fd81cbcc5078022dc5479d"
        ],
        "meta": {
            "nf-test": "0.9.2",
            "nextflow": "24.10.6"
        },
        "timestamp": "2025-04-29T13:29:56.901963"
    },
    "Single-End Sort": {
        "content": [
            [
                
            ],
            [
                
            ],
            [
                
            ],
            [
                "versions.yml:md5,c60680eba0f00e791c0d5a0a6e9d665f"
            ],
            "a3c65eed0ff69812b1f2f1f1c3f09143",
            "94fcf617f5b994584c4e8d4044e16b4f"
        ],
        "meta": {
            "nf-test": "0.9.2",
            "nextflow": "24.10.6"
        },
        "timestamp": "2025-04-29T13:30:03.862418"
    },
    "Paired-End": {
        "content": [
            [
                
            ],
            [
                
            ],
            [
                
            ],
            [
                "versions.yml:md5,c60680eba0f00e791c0d5a0a6e9d665f"
            ],
            "913c8761906343de4330ee16c2a34e0",
            "57aeef88ed701a8ebc8e2f0a381b2a6"
        ],
        "meta": {
            "nf-test": "0.9.2",
            "nextflow": "24.10.6"
        },
        "timestamp": "2025-04-29T13:30:11.041282"
    },
    "Paired-End Sort": {
        "content": [
            [
                
            ],
            [
                
            ],
            [
                
            ],
            [
                "versions.yml:md5,c60680eba0f00e791c0d5a0a6e9d665f"
            ],
            "54f6288d20d3e6e303b9dee9a4367c00",
            "af8628d9df18b2d3d4f6fd47ef2bb872"
        ],
        "meta": {
            "nf-test": "0.9.2",
            "nextflow": "24.10.6"
        },
        "timestamp": "2025-04-29T13:30:17.653467"
    },
    "Single-end - stub": {
        "content": [
            {
                "0": [
                    [
                        {
                            "id": "test",
                            "single_end": true
                        },
                        "test.bam:md5,d41d8cd98f00b204e9800998ecf8427e"
                    ]
                ],
                "1": [
                    
                ],
                "2": [
                    [
                        {
                            "id": "test",
                            "single_end": true
                        },
                        "test.csi:md5,d41d8cd98f00b204e9800998ecf8427e"
                    ]
                ],
                "3": [
                    [
                        {
                            "id": "test",
                            "single_end": true
                        },
                        "test.crai:md5,d41d8cd98f00b204e9800998ecf8427e"
                    ]
                ],
                "4": [
                    "versions.yml:md5,c60680eba0f00e791c0d5a0a6e9d665f"
                ],
                "bam": [
                    [
                        {
                            "id": "test",
                            "single_end": true
                        },
                        "test.bam:md5,d41d8cd98f00b204e9800998ecf8427e"
                    ]
                ],
                "crai": [
                    [
                        {
                            "id": "test",
                            "single_end": true
                        },
                        "test.crai:md5,d41d8cd98f00b204e9800998ecf8427e"
                    ]
                ],
                "cram": [
                    
                ],
                "csi": [
                    [
                        {
                            "id": "test",
                            "single_end": true
                        },
                        "test.csi:md5,d41d8cd98f00b204e9800998ecf8427e"
                    ]
                ],
                "versions": [
                    "versions.yml:md5,c60680eba0f00e791c0d5a0a6e9d665f"
                ]
            }
        ],
        "meta": {
            "nf-test": "0.9.2",
            "nextflow": "24.10.5"
        },
        "timestamp": "2025-03-27T08:37:16.211123969"
    },
    "Paired-End - no fasta": {
        "content": [
            [
                
            ],
            [
                
            ],
            [
                
            ],
            [
                "versions.yml:md5,c60680eba0f00e791c0d5a0a6e9d665f"
            ],
            "913c8761906343de4330ee16c2a34e0",
            "57aeef88ed701a8ebc8e2f0a381b2a6"
        ],
        "meta": {
            "nf-test": "0.9.2",
            "nextflow": "24.10.6"
        },
        "timestamp": "2025-04-29T13:30:25.183052"
    },
    "Paired-end - stub": {
        "content": [
            {
                "0": [
                    [
                        {
                            "id": "test",
                            "single_end": false
                        },
                        "test.bam:md5,d41d8cd98f00b204e9800998ecf8427e"
                    ]
                ],
                "1": [
                    
                ],
                "2": [
                    [
                        {
                            "id": "test",
                            "single_end": false
                        },
                        "test.csi:md5,d41d8cd98f00b204e9800998ecf8427e"
                    ]
                ],
                "3": [
                    [
                        {
                            "id": "test",
                            "single_end": false
                        },
                        "test.crai:md5,d41d8cd98f00b204e9800998ecf8427e"
                    ]
                ],
                "4": [
                    "versions.yml:md5,c60680eba0f00e791c0d5a0a6e9d665f"
                ],
                "bam": [
                    [
                        {
                            "id": "test",
                            "single_end": false
                        },
                        "test.bam:md5,d41d8cd98f00b204e9800998ecf8427e"
                    ]
                ],
                "crai": [
                    [
                        {
                            "id": "test",
                            "single_end": false
                        },
                        "test.crai:md5,d41d8cd98f00b204e9800998ecf8427e"
                    ]
                ],
                "cram": [
                    
                ],
                "csi": [
                    [
                        {
                            "id": "test",
                            "single_end": false
                        },
                        "test.csi:md5,d41d8cd98f00b204e9800998ecf8427e"
                    ]
                ],
                "versions": [
                    "versions.yml:md5,c60680eba0f00e791c0d5a0a6e9d665f"
                ]
            }
        ],
        "meta": {
            "nf-test": "0.9.2",
            "nextflow": "24.10.5"
        },
        "timestamp": "2025-03-27T08:37:32.177177506"
    }
}