{
    "mapback": {
        "content": [
            {
                "successful tasks": 21,
                "versions": {
                    "ASSEMBLATHON_STATS": {
                        "assemblathon_stats": "github/PlantandFoodResearch/assemblathon2-analysis/a93cba2"
                    },
                    "FALINT": {
                        "fa-lint": "1.2.0"
                    },
                    "GUNZIP_FASTA": {
                        "gunzip": 1.13
                    },
                    "SAMTOOLS_FAIDX": {
                        "samtools": 1.21
                    },
                    "SEQKIT_RMDUP": {
                        "seqkit": "v2.9.0"
                    },
                    "TAG_ASSEMBLY": {
                        "pigz": "2.3.4"
                    },
                    "Workflow": {
                        "plant-food-research-open/assemblyqc": "v3.0.0dev"
                    }
                },
                "stable paths": [
                    "bacteroides_fragilis_stats.csv:md5,081d707dd9fc92db7b4706b4a0d78ec0",
                    "sarscov2_stats.csv:md5,9ec4147b73cae550a38337520fc028dd",
                    "bacteroides_fragilis.clip_abs.wig:md5,c2684fc45326280f69a047847ab51cbf",
                    "bacteroides_fragilis.clip_norm.wig:md5,c3e44069a9fad5e7514bcaf9998ef698",
                    "bacteroides_fragilis.cov.wig:md5,1239e86511111eefab50440e17c778cb",
                    "sarscov2.clip_abs.wig:md5,52cd15ce0c1c2ff8147c4e3a56fc3b53",
                    "sarscov2.clip_norm.wig:md5,642199d40a1feec151f934f1abae293e",
                    "sarscov2.cov.wig:md5,19bcbd9726c8b40c3e117e0a59855643"
                ]
            }
        ],
        "meta": {
            "nf-test": "0.9.2",
            "nextflow": "25.04.6"
        },
        "timestamp": "2025-08-18T16:47:12.672145"
    }
}